surfaces_seen 34
beam_ang 1.5711220881187602 1.57089478530108528 1.5706674824657112 1.57044017964485239 1.57021287686792776 1.56998557416775841 1.5697582715747822 1.56953097096881722 1.56930366868749727 1.5690763666099441 1.5688490647659683 1.56862176318900293 1.56839446190842269 1.56816716095740616 1.56793986036713862 1.56771256016854377 1.56748526039399882 1.56725796107477877 1.56703066224264354 1.56680336392866648 1.56657606616499656 1.56634876898198661 1.56612147241233979 1.56589418325583063 1.56566688800608511 1.5654395934644274 1.56521229966142128 1.56498500662923901 1.56475771439823053 1.56453042300275569 1.564303132472465 1.56407584284011136 1.56384856367007008 1.56362127592526257 
surf_loc_index 1 2 3 4 5 6 7 8 9 10 11 12 13 14 15 16 17 18 19 20 21 22 23 24 25 26 27 28 29 30 31 32 33 34
